==================== 2026-04-30T08:11:19.345932Z | 51a3b53d-b191-4dcf-a0c2-2ce414e03997 ====================
08:11:19.345985 [info ]: Starting dbt LSP server
08:11:19.346003 [info ]: Connecting to LSP client on port 8000
08:11:19.346209 [info ]: Successfully connected to LSP client
08:11:19.346215 [info ]: Creating LSP service...
08:11:19.416797 [info ]: Creating LSP server...
08:11:19.416828 [info ]: Starting LSP server...
08:11:19.444247 [info ]: Loading ~/.dbt/profiles.yml
08:11:19.491312 [info ]: Waiting for lease on 'target' directory
08:11:20.047972 [info ]: Started loading project
08:11:20.048760 [info ]: Loading ~/.dbt/profiles.yml
08:11:20.075454 [info ]:    Started resolving packages from packages.yml
08:11:20.234455 [info ]:   Finished [  0.16s] resolving packages from packages.yml (1 items)
08:11:20.234554 [info ]: Installing packages
08:11:20.234938 [info ]: Installing dbt-labs/dbt_utils
08:11:20.622909 [info ]:  Installed dbt-labs/dbt_utils: 1.3.3
08:11:20.623008 [info ]:  Installed 1 package
08:11:20.635773 [debug]:    Started loading packages
08:11:20.637910 [debug]:     Loaded [  0.00s] packages
08:11:20.641603 [info ]: Finished loading project [  0.59s]
08:11:20.642020 [info ]: Started parsing
08:11:20.721164 [debug]: Finished parsing models/staging/__sources.yml [  0.00s]
08:11:20.726743 [info ]: Finished parsing [  0.08s]
08:11:20.727029 [info ]: Cached model count updated: 0 models (estimate)
08:11:20.727049 [info ]: Cached model count updated: 0 models (accurate)
08:11:20.727137 [info ]: Started scheduling
08:11:20.727266 [info ]: Finished scheduling [  0.00s]
08:11:20.727290 [debug]: Compilation - 0 nodes selected: {}
08:11:20.727313 [warn ]: dbt1600: The selection criterion '+source:jaffle_shop.ecom.raw_customers +source:jaffle_shop.ecom.raw_items +source:jaffle_shop.ecom.raw_supplies +source:jaffle_shop.ecom.raw_orders +source:jaffle_shop.ecom.raw_products +source:jaffle_shop.ecom.raw_stores' does not match any enabled nodes
08:11:20.727330 [warn ]: dbt1601: Nothing to do. Try checking your model configs and model specification args
08:11:20.727340 [info ]: Started scheduling
08:11:20.727360 [info ]: Finished scheduling [  0.00s]
08:11:20.943276 [info ]: Started building task graph
08:11:20.943341 [info ]: Finished building task graph [  0.00s]
08:11:20.956222 [info ]: Started scheduling
08:11:20.956269 [info ]: Finished scheduling [  0.00s]
08:11:20.956791 [info ]: Cached model count updated: 0 models (accurate)
08:11:22.148371 [info ]: Started loading project
08:11:22.148879 [info ]: Loading ~/.dbt/profiles.yml
08:11:22.187845 [info ]: Cached model count updated: 0 models (estimate)
08:11:22.187888 [info ]: Cached model count updated: 0 models (accurate)
08:11:22.187956 [info ]: Started scheduling
08:11:22.188029 [info ]: Finished scheduling [  0.00s]
08:11:22.188052 [debug]: Compilation - 0 nodes selected: {}
08:11:22.188071 [warn ]: dbt1601: Nothing to do. Try checking your model configs and model specification args
08:11:22.381550 [info ]: Started building task graph
08:11:22.381607 [info ]: Finished building task graph [  0.00s]
08:11:22.385346 [info ]: Started scheduling
08:11:22.385382 [info ]: Finished scheduling [  0.00s]
08:11:22.385773 [info ]: Finished loading project [  0.24s]
08:11:22.386731 [info ]: Cached model count updated: 0 models (accurate)
==================== 2026-04-30T08:15:42.361088Z | a1d56f46-728a-41a2-a1c9-4c11143fd2fc ====================
08:15:42.361149 [info ]: Starting dbt LSP server
08:15:42.361170 [info ]: Connecting to LSP client on port 8000
08:15:42.361410 [info ]: Successfully connected to LSP client
08:15:42.361432 [info ]: Creating LSP service...
08:15:42.446913 [info ]: Creating LSP server...
08:15:42.446950 [info ]: Starting LSP server...
08:15:57.018017 [info ]: Loading ~/.dbt/profiles.yml
08:15:57.065573 [info ]: Started loading project
08:15:57.065937 [info ]: Loading ~/.dbt/profiles.yml
08:15:57.071612 [info ]: Loading packages.yml
08:15:57.071671 [debug]:    Started loading packages
08:15:57.072652 [debug]:     Loaded [  0.00s] packages
08:15:57.073355 [info ]: Started parsing
08:15:57.105038 [info ]: Finished loading project [  0.04s]
08:15:57.108792 [debug]: Finished parsing models/staging/__sources.yml [  0.00s]
08:15:57.111702 [info ]: Finished parsing [  0.04s]
08:15:57.111831 [info ]: Cached model count updated: 0 models (estimate)
08:15:57.111844 [info ]: Cached model count updated: 0 models (accurate)
08:15:57.111907 [info ]: Started scheduling
08:15:57.111984 [info ]: Finished scheduling [  0.00s]
08:15:57.111993 [debug]: Compilation - 0 nodes selected: {}
08:15:57.112009 [warn ]: dbt1600: The selection criterion '+source:jaffle_shop.ecom.raw_products +source:jaffle_shop.ecom.raw_customers +source:jaffle_shop.ecom.raw_stores +source:jaffle_shop.ecom.raw_orders +source:jaffle_shop.ecom.raw_supplies +source:jaffle_shop.ecom.raw_items' does not match any enabled nodes
08:15:57.112019 [warn ]: dbt1601: Nothing to do. Try checking your model configs and model specification args
08:15:57.112029 [info ]: Started scheduling
08:15:57.112039 [info ]: Finished scheduling [  0.00s]
08:15:57.274664 [info ]: Started building task graph
08:15:57.274709 [info ]: Finished building task graph [  0.00s]
08:15:57.277775 [info ]: Started scheduling
08:15:57.277815 [info ]: Finished scheduling [  0.00s]
08:15:57.278189 [info ]: Cached model count updated: 0 models (accurate)
08:15:58.551311 [info ]: Started loading project
08:15:58.552070 [info ]: Loading ~/.dbt/profiles.yml
08:15:58.603091 [info ]: Cached model count updated: 0 models (estimate)
08:15:58.603155 [info ]: Cached model count updated: 0 models (accurate)
08:15:58.603229 [info ]: Started scheduling
08:15:58.603381 [info ]: Finished scheduling [  0.00s]
08:15:58.603411 [debug]: Compilation - 0 nodes selected: {}
08:15:58.603463 [warn ]: dbt1600: The selection criterion '+source:jaffle_shop.ecom.raw_customers+ +source:jaffle_shop.ecom.raw_supplies+ +source:jaffle_shop.ecom.raw_orders+ +source:jaffle_shop.ecom.raw_stores+ +source:jaffle_shop.ecom.raw_products+ +source:jaffle_shop.ecom.raw_items+' does not match any enabled nodes
08:15:58.603483 [warn ]: dbt1601: Nothing to do. Try checking your model configs and model specification args
08:15:58.833329 [info ]: Started building task graph
08:15:58.833383 [info ]: Finished building task graph [  0.00s]
08:15:58.836597 [info ]: Started scheduling
08:15:58.836634 [info ]: Finished scheduling [  0.00s]
08:15:58.837028 [info ]: Finished loading project [  0.29s]
08:15:58.838105 [info ]: Cached model count updated: 0 models (accurate)
08:16:00.116304 [info ]: Started loading project
08:16:00.117043 [info ]: Loading ~/.dbt/profiles.yml
08:16:00.165835 [info ]: Cached model count updated: 0 models (estimate)
08:16:00.165880 [info ]: Cached model count updated: 0 models (accurate)
08:16:00.165932 [info ]: Started scheduling
08:16:00.166006 [info ]: Finished scheduling [  0.00s]
08:16:00.166032 [debug]: Compilation - 0 nodes selected: {}
08:16:00.166052 [warn ]: dbt1601: Nothing to do. Try checking your model configs and model specification args
08:16:00.356990 [info ]: Started building task graph
08:16:00.357048 [info ]: Finished building task graph [  0.00s]
08:16:00.360231 [info ]: Started scheduling
08:16:00.360265 [info ]: Finished scheduling [  0.00s]
08:16:00.360668 [info ]: Finished loading project [  0.24s]
08:16:00.361658 [info ]: Cached model count updated: 0 models (accurate)
08:23:16.823590 [info ]: Started loading project
08:23:16.824306 [info ]: Loading ~/.dbt/profiles.yml
08:23:16.878269 [info ]: Finished loading project [  0.05s]
08:23:16.878572 [info ]: Cached model count updated: 0 models (accurate)
08:23:18.163416 [info ]: Started loading project
08:23:18.164217 [info ]: Loading ~/.dbt/profiles.yml
08:23:18.214465 [info ]: Cached model count updated: 0 models (estimate)
08:23:18.214515 [info ]: Cached model count updated: 0 models (accurate)
08:23:18.214565 [info ]: Started scheduling
08:23:18.214654 [info ]: Finished scheduling [  0.00s]
08:23:18.214681 [debug]: Compilation - 0 nodes selected: {}
08:23:18.214702 [warn ]: dbt1601: Nothing to do. Try checking your model configs and model specification args
08:23:18.443391 [info ]: Started building task graph
08:23:18.443450 [info ]: Finished building task graph [  0.00s]
08:23:18.446879 [info ]: Started scheduling
08:23:18.446915 [info ]: Finished scheduling [  0.00s]
08:23:18.447339 [info ]: Finished loading project [  0.28s]
08:23:18.448310 [info ]: Cached model count updated: 0 models (accurate)
08:26:50.870691 [info ]: Loading ~/.dbt/profiles.yml
08:26:50.959080 [info ]: Started loading project
08:26:50.959579 [info ]: Loading ~/.dbt/profiles.yml
08:26:50.962575 [info ]: Started loading project
08:26:50.962874 [info ]: Loading ~/.dbt/profiles.yml
08:26:50.963063 [info ]: Finished loading project [  0.00s]
08:26:50.972335 [info ]: Loading packages.yml
08:26:50.972402 [debug]:    Started loading packages
08:26:50.974024 [debug]:     Loaded [  0.00s] packages
08:26:50.975015 [info ]: Started parsing
08:26:51.021863 [info ]: Finished loading project [  0.06s]
08:26:51.028033 [debug]: Finished parsing models/staging/__sources.yml [  0.00s]
08:26:51.032061 [info ]: Finished parsing [  0.06s]
08:26:51.032234 [info ]: Cached model count updated: 0 models (estimate)
08:26:51.032252 [info ]: Cached model count updated: 0 models (accurate)
08:26:51.032298 [info ]: Started scheduling
08:26:51.032342 [info ]: Finished scheduling [  0.00s]
08:26:51.032357 [debug]: Compilation - 0 nodes selected: {}
08:26:51.032374 [warn ]: dbt1600: The selection criterion '' does not match any enabled nodes
08:26:51.032388 [warn ]: dbt1601: Nothing to do. Try checking your model configs and model specification args
08:26:51.032398 [info ]: Started scheduling
08:26:51.032424 [info ]: Finished scheduling [  0.00s]
08:26:51.228514 [info ]: Started building task graph
08:26:51.228554 [info ]: Finished building task graph [  0.00s]
08:26:51.231502 [info ]: Started scheduling
08:26:51.231540 [info ]: Finished scheduling [  0.00s]
08:26:51.233719 [info ]: Cached model count updated: 0 models (accurate)
08:26:52.468150 [info ]: Started loading project
08:26:52.468676 [info ]: Loading ~/.dbt/profiles.yml
08:26:52.506895 [info ]: Cached model count updated: 0 models (estimate)
08:26:52.506938 [info ]: Cached model count updated: 0 models (accurate)
08:26:52.506989 [info ]: Started scheduling
08:26:52.507063 [info ]: Finished scheduling [  0.00s]
08:26:52.508399 [debug]: Compilation - 0 nodes selected: {}
08:26:52.508428 [warn ]: dbt1601: Nothing to do. Try checking your model configs and model specification args
08:26:52.699717 [info ]: Started building task graph
08:26:52.699755 [info ]: Finished building task graph [  0.00s]
08:26:52.702834 [info ]: Started scheduling
08:26:52.702869 [info ]: Finished scheduling [  0.00s]
08:26:52.703305 [info ]: Finished loading project [  0.24s]
08:26:52.704242 [info ]: Cached model count updated: 0 models (accurate)
